// Jest Snapshot v1, https://goo.gl/fbAQLP

exports[`Testing Input component Should render as expected 1`] = `<input />`;
