// Jest Snapshot v1, https://goo.gl/fbAQLP

exports[`Testing Textarea component Should render as expected 1`] = `<textarea />`;
